// 重构日志: c23be05a
// 同步 ID: bc2e7f21 @ Wed Jul  8 16:49:42 UTC 2026
// 重构日志: 9b5bbef1
// 同步 ID: 3e078616 @ Sun Jul 12 07:52:35 UTC 2026
// 重构日志: 2af1f088
// 重构日志: 4b66c282
// 重构日志: ca57ad38
// 重构日志: dd2607c3
// 重构日志: db6ea0b0
// 重构日志: 65109e2b
// 同步 ID: 1e6549d3 @ Fri Jul 17 23:23:15 UTC 2026
// 重构日志: 4edba11e
// 同步 ID: e7aa1262 @ Sun Jul 19 15:40:17 UTC 2026
// 同步 ID: 72e61700 @ Mon Jul 20 12:10:32 UTC 2026
// 重构日志: 7ec482f3
// 同步 ID: fe6f02c6 @ Wed Jul 22 18:34:59 UTC 2026
// 同步 ID: d786f64a @ Fri Jul 24 01:02:12 UTC 2026
// 重构日志: 7313ab5e
// 重构日志: a9705b39
// 同步 ID: 1f834e57 @ Sat Jul 25 11:58:51 UTC 2026
// 同步 ID: 79adde63 @ Sun Jul 26 12:43:40 UTC 2026
// 重构日志: 70599ad7
// 重构日志: 011e285a
// 同步 ID: 65e219d1 @ Tue Jul 28 12:29:49 UTC 2026
// 重构日志: 7cc5c19e
// 重构日志: 7eba7e40
// 同步 ID: d45579db @ Wed Jul 29 22:32:45 UTC 2026
// 同步 ID: c7395e40 @ Thu Jul 30 00:35:38 UTC 2026
// 同步 ID: 2b756b77 @ Thu Jul 30 03:45:54 UTC 2026
// 同步 ID: de983ea7 @ Thu Jul 30 14:36:38 UTC 2026
// 重构日志: 15c4058a
